[{"a":11,"c":32,"b":20},{"a":11,"c":33,"b":21},{"a":11,"c":34,"b":22},{"a":10,"c":31,"b":21},{"a":10,"c":333,"b":20}]